
> uma@0.0.0 build
> vite build

[36mvite v8.0.0 [32mbuilding client environment for production...[36m[39m
[2K
transforming...Ô£ô 1749 modules transformed.
rendering chunks...
computing gzip size...
dist/index.html                   0.45 kB Ôöé gzip:  0.29 kB
dist/assets/index-jox0ChYM.css    4.49 kB Ôöé gzip:  1.62 kB
dist/assets/index-CD6lbwWn.js   274.25 kB Ôöé gzip: 83.14 kB

[32mÔ£ô built in 807ms[39m
